26-01-08.16:42:44.612 [main            ] INFO  Application            - Starting Application using Java 1.8.0_471 on HanMacBook-Pro.local with PID 2371 (/Users/vvd/1024/Java-Project/s-pay-mall-mvc-vvd/s-pay-mall-web/target/classes started by vvd in /Users/vvd/1024/Java-Project/s-pay-mall-mvc-vvd)
26-01-08.16:42:44.613 [main            ] INFO  Application            - The following 1 profile is active: "dev"
26-01-08.16:42:45.218 [main            ] INFO  TomcatWebServer        - Tomcat initialized with port(s): 8080 (http)
26-01-08.16:42:45.226 [main            ] INFO  Http11NioProtocol      - Initializing ProtocolHandler ["http-nio-8080"]
26-01-08.16:42:45.227 [main            ] INFO  StandardService        - Starting service [Tomcat]
26-01-08.16:42:45.227 [main            ] INFO  StandardEngine         - Starting Servlet engine: [Apache Tomcat/9.0.75]
26-01-08.16:42:45.388 [main            ] INFO  [/]                    - Initializing Spring embedded WebApplicationContext
26-01-08.16:42:45.389 [main            ] INFO  ServletWebServerApplicationContext - Root WebApplicationContext: initialization completed in 745 ms
26-01-08.16:42:45.970 [main            ] INFO  Http11NioProtocol      - Starting ProtocolHandler ["http-nio-8080"]
26-01-08.16:42:45.996 [main            ] INFO  TomcatWebServer        - Tomcat started on port(s): 8080 (http) with context path ''
26-01-08.16:42:46.009 [main            ] INFO  Application            - Started Application in 1.677 seconds (JVM running for 2.406)
26-01-08.16:45:55.715 [http-nio-8080-exec-1] INFO  [/]                    - Initializing Spring DispatcherServlet 'dispatcherServlet'
26-01-08.16:45:55.715 [http-nio-8080-exec-1] INFO  DispatcherServlet      - Initializing Servlet 'dispatcherServlet'
26-01-08.16:45:55.716 [http-nio-8080-exec-1] INFO  DispatcherServlet      - Completed initialization in 1 ms
26-01-08.16:45:56.683 [http-nio-8080-exec-1] INFO  LoginController        - 创建微信二维码ticket完成gQHv7zwAAAAAAAAAAS5odHRwOi8vd2VpeGluLnFxLmNvbS9xLzAyd3JvZ3AzM1dlVHMxTDRYNnhGMUYAAgTEbl9pAwQAjScA
26-01-08.16:49:41.904 [http-nio-8080-exec-8] INFO  LoginController        - 创建微信二维码ticket完成gQFr8DwAAAAAAAAAAS5odHRwOi8vd2VpeGluLnFxLmNvbS9xLzAyTkFnS29UM1dlVHMxS0JZNmhGMUgAAgSlb19pAwQAjScA
26-01-08.16:50:01.623 [http-nio-8080-exec-9] INFO  LoginController        - 创建微信二维码ticket完成gQEv8DwAAAAAAAAAAS5odHRwOi8vd2VpeGluLnFxLmNvbS9xLzAyMzVaZ3BpM1dlVHMxS1ZZNnhGMU4AAgS5b19pAwQAjScA
26-01-08.16:50:45.262 [http-nio-8080-exec-10] INFO  LoginController        - 创建微信二维码ticket完成gQH17zwAAAAAAAAAAS5odHRwOi8vd2VpeGluLnFxLmNvbS9xLzAycUdZdm9RM1dlVHMxTEJZNjFGMXEAAgTlb19pAwQAjScA
26-01-08.16:51:27.141 [http-nio-8080-exec-1] INFO  LoginController        - 创建微信二维码ticket完成gQFE7zwAAAAAAAAAAS5odHRwOi8vd2VpeGluLnFxLmNvbS9xLzAydmJxb29RM1dlVHMxSWZaNmhGMW0AAgQPcF9pAwQAjScA
26-01-08.16:54:21.469 [http-nio-8080-exec-5] INFO  WeixinPortalController - 接收微信公众号信息请求og3q33P7uHRse-kH-x0Qk1M_Yq48开始 <xml><ToUserName><![CDATA[gh_0d537f05e054]]></ToUserName>
<FromUserName><![CDATA[og3q33P7uHRse-kH-x0Qk1M_Yq48]]></FromUserName>
<CreateTime>1767862461</CreateTime>
<MsgType><![CDATA[event]]></MsgType>
<Event><![CDATA[SCAN]]></Event>
<EventKey><![CDATA[100601]]></EventKey>
<Ticket><![CDATA[gQFE7zwAAAAAAAAAAS5odHRwOi8vd2VpeGluLnFxLmNvbS9xLzAydmJxb29RM1dlVHMxSWZaNmhGMW0AAgQPcF9pAwQAjScA]]></Ticket>
</xml>
26-01-08.16:56:07.234 [main            ] INFO  Application            - Starting Application using Java 1.8.0_471 on HanMacBook-Pro.local with PID 2564 (/Users/vvd/1024/Java-Project/s-pay-mall-mvc-vvd/s-pay-mall-web/target/classes started by vvd in /Users/vvd/1024/Java-Project/s-pay-mall-mvc-vvd)
26-01-08.16:56:07.236 [main            ] INFO  Application            - The following 1 profile is active: "dev"
26-01-08.16:56:07.760 [main            ] INFO  TomcatWebServer        - Tomcat initialized with port(s): 8080 (http)
26-01-08.16:56:07.766 [main            ] INFO  Http11NioProtocol      - Initializing ProtocolHandler ["http-nio-8080"]
26-01-08.16:56:07.767 [main            ] INFO  StandardService        - Starting service [Tomcat]
26-01-08.16:56:07.767 [main            ] INFO  StandardEngine         - Starting Servlet engine: [Apache Tomcat/9.0.75]
26-01-08.16:56:07.871 [main            ] INFO  [/]                    - Initializing Spring embedded WebApplicationContext
26-01-08.16:56:07.871 [main            ] INFO  ServletWebServerApplicationContext - Root WebApplicationContext: initialization completed in 605 ms
26-01-08.16:56:08.404 [main            ] INFO  Http11NioProtocol      - Starting ProtocolHandler ["http-nio-8080"]
26-01-08.16:56:08.423 [main            ] INFO  TomcatWebServer        - Tomcat started on port(s): 8080 (http) with context path ''
26-01-08.16:56:08.431 [main            ] INFO  Application            - Started Application in 1.451 seconds (JVM running for 2.315)
26-01-08.16:56:12.268 [http-nio-8080-exec-1] INFO  [/]                    - Initializing Spring DispatcherServlet 'dispatcherServlet'
26-01-08.16:56:12.269 [http-nio-8080-exec-1] INFO  DispatcherServlet      - Initializing Servlet 'dispatcherServlet'
26-01-08.16:56:12.270 [http-nio-8080-exec-1] INFO  DispatcherServlet      - Completed initialization in 1 ms
26-01-08.16:56:12.307 [http-nio-8080-exec-1] INFO  LoginController        - 扫码检测登录结果 ticket:gQFE7zwAAAAAAAAAAS5odHRwOi8vd2VpeGluLnFxLmNvbS9xLzAydmJxb29RM1dlVHMxSWZaNmhGMW0AAgQPcF9pAwQAjScA openidToken:null
26-01-08.16:56:29.203 [http-nio-8080-exec-2] INFO  WeixinPortalController - 接收微信公众号信息请求og3q33P7uHRse-kH-x0Qk1M_Yq48开始 <xml><ToUserName><![CDATA[gh_0d537f05e054]]></ToUserName>
<FromUserName><![CDATA[og3q33P7uHRse-kH-x0Qk1M_Yq48]]></FromUserName>
<CreateTime>1767862589</CreateTime>
<MsgType><![CDATA[event]]></MsgType>
<Event><![CDATA[SCAN]]></Event>
<EventKey><![CDATA[100601]]></EventKey>
<Ticket><![CDATA[gQFE7zwAAAAAAAAAAS5odHRwOi8vd2VpeGluLnFxLmNvbS9xLzAydmJxb29RM1dlVHMxSWZaNmhGMW0AAgQPcF9pAwQAjScA]]></Ticket>
</xml>
26-01-08.16:56:34.294 [http-nio-8080-exec-4] INFO  LoginController        - 扫码检测登录结果 ticket:gQFE7zwAAAAAAAAAAS5odHRwOi8vd2VpeGluLnFxLmNvbS9xLzAydmJxb29RM1dlVHMxSWZaNmhGMW0AAgQPcF9pAwQAjScA openidToken:og3q33P7uHRse-kH-x0Qk1M_Yq48
26-01-08.17:00:06.527 [main            ] INFO  Application            - Starting Application using Java 1.8.0_471 on HanMacBook-Pro.local with PID 2601 (/Users/vvd/1024/Java-Project/s-pay-mall-mvc-vvd/s-pay-mall-web/target/classes started by vvd in /Users/vvd/1024/Java-Project/s-pay-mall-mvc-vvd)
26-01-08.17:00:06.530 [main            ] INFO  Application            - The following 1 profile is active: "dev"
26-01-08.17:00:07.114 [main            ] INFO  TomcatWebServer        - Tomcat initialized with port(s): 8080 (http)
26-01-08.17:00:07.121 [main            ] INFO  Http11NioProtocol      - Initializing ProtocolHandler ["http-nio-8080"]
26-01-08.17:00:07.121 [main            ] INFO  StandardService        - Starting service [Tomcat]
26-01-08.17:00:07.121 [main            ] INFO  StandardEngine         - Starting Servlet engine: [Apache Tomcat/9.0.75]
26-01-08.17:00:07.238 [main            ] INFO  [/]                    - Initializing Spring embedded WebApplicationContext
26-01-08.17:00:07.238 [main            ] INFO  ServletWebServerApplicationContext - Root WebApplicationContext: initialization completed in 657 ms
26-01-08.17:00:07.892 [main            ] INFO  Http11NioProtocol      - Starting ProtocolHandler ["http-nio-8080"]
26-01-08.17:00:07.913 [main            ] INFO  TomcatWebServer        - Tomcat started on port(s): 8080 (http) with context path ''
26-01-08.17:00:07.922 [main            ] INFO  Application            - Started Application in 1.66 seconds (JVM running for 2.2)
26-01-08.17:00:11.353 [http-nio-8080-exec-1] INFO  [/]                    - Initializing Spring DispatcherServlet 'dispatcherServlet'
26-01-08.17:00:11.354 [http-nio-8080-exec-1] INFO  DispatcherServlet      - Initializing Servlet 'dispatcherServlet'
26-01-08.17:00:11.354 [http-nio-8080-exec-1] INFO  DispatcherServlet      - Completed initialization in 0 ms
26-01-08.17:00:12.310 [http-nio-8080-exec-1] INFO  LoginController        - 创建微信二维码ticket完成gQGi7zwAAAAAAAAAAS5odHRwOi8vd2VpeGluLnFxLmNvbS9xLzAybngzbW82M1dlVHMxSXNfNjFGMXIAAgQccl9pAwQAjScA
26-01-08.17:00:23.140 [http-nio-8080-exec-3] INFO  LoginController        - 扫码检测登录结果 ticket:gQGi7zwAAAAAAAAAAS5odHRwOi8vd2VpeGluLnFxLmNvbS9xLzAybngzbW82M1dlVHMxSXNfNjFGMXIAAgQccl9pAwQAjScA openidToken:null
26-01-08.17:00:33.820 [http-nio-8080-exec-4] INFO  WeixinPortalController - 接收微信公众号信息请求og3q33P7uHRse-kH-x0Qk1M_Yq48开始 <xml><ToUserName><![CDATA[gh_0d537f05e054]]></ToUserName>
<FromUserName><![CDATA[og3q33P7uHRse-kH-x0Qk1M_Yq48]]></FromUserName>
<CreateTime>1767862833</CreateTime>
<MsgType><![CDATA[event]]></MsgType>
<Event><![CDATA[SCAN]]></Event>
<EventKey><![CDATA[100601]]></EventKey>
<Ticket><![CDATA[gQGi7zwAAAAAAAAAAS5odHRwOi8vd2VpeGluLnFxLmNvbS9xLzAybngzbW82M1dlVHMxSXNfNjFGMXIAAgQccl9pAwQAjScA]]></Ticket>
</xml>
26-01-08.17:00:35.227 [http-nio-8080-exec-6] INFO  WeixinPortalController - 接收微信公众号信息请求og3q33P7uHRse-kH-x0Qk1M_Yq48开始 <xml><ToUserName><![CDATA[gh_0d537f05e054]]></ToUserName>
<FromUserName><![CDATA[og3q33P7uHRse-kH-x0Qk1M_Yq48]]></FromUserName>
<CreateTime>1767862835</CreateTime>
<MsgType><![CDATA[event]]></MsgType>
<Event><![CDATA[TEMPLATESENDJOBFINISH]]></Event>
<MsgID>4333061027933143046</MsgID>
<Status><![CDATA[success]]></Status>
</xml>
26-01-08.17:00:45.192 [http-nio-8080-exec-8] INFO  LoginController        - 扫码检测登录结果 ticket:gQGi7zwAAAAAAAAAAS5odHRwOi8vd2VpeGluLnFxLmNvbS9xLzAybngzbW82M1dlVHMxSXNfNjFGMXIAAgQccl9pAwQAjScA openidToken:og3q33P7uHRse-kH-x0Qk1M_Yq48
